// Jest Snapshot v1, https://goo.gl/fbAQLP

exports[`AddressTransactionsList.vue Should display the list 1`] = `
<div class="container container--fluid">
  <transactions-list-stub count="0" sortby="blockNumber" loading="true" currentaddress="0x123" transactions=""></transactions-list-stub>
</div>
`;
