// Vitest Snapshot v1, https://vitest.dev/guide/snapshot.html

exports[`ExplorerAnalytics.vue > Should display charts 1`] = `
"<div class="v-container v-container--fluid v-locale--is-ltr">
  <div class="v-card v-theme--light v-card--density-default v-card--variant-elevated" style="height: 100%;">
    <!---->
    <div class="v-card__loader">
      <div class="v-progress-linear v-theme--light v-locale--is-ltr" style="top: 0px; height: 0px; --v-progress-linear-height: 2px;" role="progressbar" aria-hidden="true" aria-valuemin="0" aria-valuemax="100">
        <!---->
        <div class="v-progress-linear__background"></div>
        <div class="v-progress-linear__buffer" style="width: 0%;"></div>
        <transition-stub name="fade-transition" appear="false" persisted="false" css="true">
          <div class="v-progress-linear__indeterminate">
            <div class="v-progress-linear__indeterminate long"></div>
            <div class="v-progress-linear__indeterminate short"></div>
          </div>
        </transition-stub>
        <!---->
      </div>
    </div>
    <!---->
    <!---->
    <div class="v-card-text">
      <div class="v-row">
        <div class="v-col v-col-3 pb-0">
          <div class="v-input v-input--horizontal v-input--center-affix v-input--density-compact v-theme--light v-locale--is-ltr v-input--dirty v-text-field v-select v-select--single v-select--selected">
            <!---->
            <div class="v-input__control">
              <div class="v-field v-field--active v-field--appended v-field--center-affix v-field--dirty v-field--variant-outlined v-theme--light v-locale--is-ltr" role="combobox" aria-haspopup="listbox" aria-expanded="false" aria-controls="v-menu-2">
                <div class="v-field__overlay"></div>
                <div class="v-field__loader">
                  <div class="v-progress-linear v-theme--light v-locale--is-ltr" style="top: 0px; height: 0px; --v-progress-linear-height: 2px;" role="progressbar" aria-hidden="true" aria-valuemin="0" aria-valuemax="100">
                    <!---->
                    <div class="v-progress-linear__background"></div>
                    <div class="v-progress-linear__buffer" style="width: 0%;"></div>
                    <transition-stub name="fade-transition" appear="false" persisted="false" css="true">
                      <div class="v-progress-linear__indeterminate">
                        <div class="v-progress-linear__indeterminate long"></div>
                        <div class="v-progress-linear__indeterminate short"></div>
                      </div>
                    </transition-stub>
                    <!---->
                  </div>
                </div>
                <!---->
                <div class="v-field__field" data-no-activator="">
                  <!----><label class="v-label v-field-label" for="input-0">
                    <!---->Time Range
                  </label>
                  <!---->
                  <div class="v-field__input" data-no-activator="">
                    <!---->
                    <!---->
                    <div class="v-select__selection"><span class="v-select__selection-text">14 Days<!----></span></div><input size="1" type="text" id="input-0" aria-describedby="input-0-messages" inputmode="none" aria-label="Open" title="Open" primary="" value="14">
                  </div>
                  <!---->
                </div>
                <!---->
                <div class="v-field__append-inner">
                  <!----><i class="mdi-menu-down mdi v-icon notranslate v-theme--light v-icon--size-default v-select__menu-icon" aria-hidden="true"></i>
                  <!---->
                </div>
                <div class="v-field__outline">
                  <div class="v-field__outline__start"></div>
                  <div class="v-field__outline__notch"><label class="v-label v-field-label v-field-label--floating" aria-hidden="true" for="input-0">
                      <!---->Time Range
                    </label></div>
                  <div class="v-field__outline__end"></div>
                  <!---->
                </div>
              </div>
            </div>
            <!---->
            <!---->
          </div>
        </div>
      </div>
      <div class="v-row">
        <div class="v-col-md-6 v-col-12">
          <line-chart-stub title="Transaction Volume" tooltipunit="transaction" index="0" xlabels="0,1" data="2,2"></line-chart-stub>
        </div>
        <div class="v-col-md-6 v-col-12">
          <line-chart-stub title="ERC20 Transfer Volume" tooltipunit="transfer" index="1" xlabels="0,1" data="2,2"></line-chart-stub>
        </div>
        <div class="v-col-md-6 v-col-12">
          <line-chart-stub title="Average Gas Price" tokensymbol="gwei" floating="true" index="2" xlabels="0,1" data="200000000,300000000"></line-chart-stub>
        </div>
        <div class="v-col-md-6 v-col-12">
          <line-chart-stub title="Average Transaction Fee" tokensymbol="ETH" floating="true" index="3" xlabels="0,1" data="0.2,0.3"></line-chart-stub>
        </div>
        <div class="v-col-md-6 v-col-12">
          <line-chart-stub title="Active Wallets Count" tooltipunit="wallet" index="4" xlabels="0,1" data="2,2"></line-chart-stub>
        </div>
        <div class="v-col-md-6 v-col-12">
          <line-chart-stub title="Deployed Contracts Count" tooltipunit="contract" index="6" xlabels="0,1" data="2,2"></line-chart-stub>
        </div>
        <div class="v-col-md-6 v-col-12">
          <line-chart-stub title="Cumulative Deployed Contracts Count" tooltipunit="contract" index="6" xlabels="0,1" data="2,2"></line-chart-stub>
        </div>
      </div>
    </div>
    <!---->
    <!----><span class="v-card__underlay"></span>
  </div>
</div>"
`;
