// Jest Snapshot v1, https://goo.gl/fbAQLP

exports[`Settings.vue Should load the settings page 1`] = `
<div class="container container--fluid">
  <div class="v-tabs mb-2 theme--light">
    <div role="tablist" class="v-item-group theme--light v-slide-group v-tabs-bar v-tabs-bar--is-mobile primary--text">
      <div class="v-slide-group__prev v-slide-group__prev--disabled">
        <transition-stub name="fade-transition"></transition-stub>
      </div>
      <div class="v-slide-group__wrapper">
        <div class="v-slide-group__content v-tabs-bar__content">
          <div class="v-tabs-slider-wrapper" style="transition: none;">
            <div class="v-tabs-slider"></div>
          </div><a tabindex="0" href="#workspace" aria-selected="true" role="tab" class="v-tab v-tab--active">Workspace</a> <a tabindex="0" href="#billing" aria-selected="false" role="tab" class="v-tab">Billing</a> <a tabindex="0" href="#account" aria-selected="false" role="tab" class="v-tab">Account</a>
        </div>
      </div>
      <div class="v-slide-group__next v-slide-group__next--disabled">
        <transition-stub name="fade-transition"></transition-stub>
      </div>
    </div>
  </div>
  <div class="v-window v-item-group theme--light v-tabs-items">
    <div class="v-window__container">
      <transition-stub name="">
        <div class="v-window-item v-window-item--active" id="workspace">
          <div class="row">
            <div class="col-lg-5 col">
              <div role="alert" class="v-alert v-sheet theme--dark v-alert--dense v-alert--text success--text" style="display: none;">
                <div class="v-alert__wrapper"><i aria-hidden="true" class="v-icon notranslate v-alert__icon mdi mdi-check-circle theme--dark success--text"></i>
                  <div class="v-alert__content">Settings updated</div>
                </div>
              </div>
              <div role="alert" class="v-alert v-sheet theme--dark v-alert--dense v-alert--text error--text" style="display: none;">
                <div class="v-alert__wrapper"><i aria-hidden="true" class="v-icon notranslate v-alert__icon mdi mdi-alert theme--dark error--text"></i>
                  <div class="v-alert__content">Error while updating settings</div>
                </div>
              </div>
              <h4>General</h4>
              <div class="mb-4 v-card v-sheet v-sheet--outlined theme--light">
                <div class="v-card__text">
                  <div class="v-input v-input--hide-details v-input--is-label-active v-input--is-dirty theme--light v-text-field v-text-field--enclosed v-text-field--outlined">
                    <div class="v-input__control">
                      <div class="v-input__slot">
                        <fieldset aria-hidden="true">
                          <legend style="width: 0px;"><span class="notranslate">​</span></legend>
                        </fieldset>
                        <div class="v-text-field__slot"><label for="rpcServer" class="v-label v-label--active theme--light" style="left: 0px; position: absolute;">RPC Server</label><input id="rpcServer" type="text"></div>
                      </div>
                    </div>
                  </div>
                  You will need to restart the CLI or the Hardhat node for a server change to take effect.
                  <div class="v-input mt-3 v-input--hide-details v-input--is-label-active v-input--is-dirty theme--light v-text-field v-text-field--enclosed v-text-field--outlined v-select">
                    <div class="v-input__control">
                      <div role="button" aria-haspopup="listbox" aria-expanded="false" aria-owns="list-25" class="v-input__slot">
                        <fieldset aria-hidden="true">
                          <legend style="width: 0px;"><span class="notranslate">​</span></legend>
                        </fieldset>
                        <div class="v-select__slot"><label for="chain" class="v-label v-label--active theme--light" style="left: 0px; position: absolute;">Chain</label>
                          <div class="v-select__selections">
                            <div class="v-select__selection v-select__selection--comma">Ethereum</div><input required="required" id="chain" readonly="readonly" type="text" aria-readonly="false" autocomplete="off">
                          </div>
                          <div class="v-input__append-inner">
                            <div class="v-input__icon v-input__icon--append"><i aria-hidden="true" class="v-icon notranslate mdi mdi-menu-down theme--light"></i></div>
                          </div><input type="hidden" value="ethereum">
                        </div>
                        <div class="v-menu">
                          <!---->
                        </div>
                      </div>
                    </div>
                  </div>
                  <div class="row mt-2 pb-1 mr-2">
                    <div class="spacer"></div> <button type="button" class="mt-1 v-btn v-btn--has-bg theme--light v-size--default primary" id="updateOptions"><span class="v-btn__content">Update</span></button>
                  </div>
                </div>
              </div>
              <h4>Default Contracts Call Options</h4>
              <div class="mb-4 v-card v-sheet v-sheet--outlined theme--light">
                <div class="v-card__text">
                  <div class="v-input v-input--hide-details theme--light v-text-field v-text-field--enclosed v-text-field--outlined v-select">
                    <div class="v-input__control">
                      <div role="button" aria-haspopup="listbox" aria-expanded="false" aria-owns="list-30" class="v-input__slot">
                        <fieldset aria-hidden="true">
                          <legend style="width: 0px;"><span class="notranslate">​</span></legend>
                        </fieldset>
                        <div class="v-select__slot"><label for="defaultAccount" class="v-label theme--light" style="left: 0px; position: absolute;">Default From Account</label>
                          <div class="v-select__selections"><input id="defaultAccount" readonly="readonly" type="text" aria-readonly="false" autocomplete="off"></div>
                          <div class="v-input__append-inner">
                            <div class="v-input__icon v-input__icon--append"><i aria-hidden="true" class="v-icon notranslate mdi mdi-menu-down theme--light"></i></div>
                          </div><input type="hidden">
                        </div>
                        <div class="v-menu">
                          <!---->
                        </div>
                      </div>
                    </div>
                  </div>
                  <div class="v-input mt-4 v-input--hide-details theme--light v-text-field v-text-field--enclosed v-text-field--outlined">
                    <div class="v-input__control">
                      <div class="v-input__slot">
                        <fieldset aria-hidden="true">
                          <legend style="width: 0px;"><span class="notranslate">​</span></legend>
                        </fieldset>
                        <div class="v-text-field__slot"><label for="gasPrice" class="v-label theme--light" style="left: 0px; position: absolute;">Default Gas Price (wei)</label><input id="gasPrice" type="text"></div>
                      </div>
                    </div>
                  </div>
                  <div class="v-input mt-4 v-input--hide-details theme--light v-text-field v-text-field--enclosed v-text-field--outlined">
                    <div class="v-input__control">
                      <div class="v-input__slot">
                        <fieldset aria-hidden="true">
                          <legend style="width: 0px;"><span class="notranslate">​</span></legend>
                        </fieldset>
                        <div class="v-text-field__slot"><label for="gasLimit" class="v-label theme--light" style="left: 0px; position: absolute;">Default Maximum Gas</label><input id="gasLimit" type="text"></div>
                      </div>
                    </div>
                  </div>
                  <div class="row mt-2 pb-1 mr-2">
                    <div class="spacer"></div> <button type="button" class="mt-1 v-btn v-btn--has-bg theme--light v-size--default primary" id="updateCallOptions"><span class="v-btn__content">Update</span></button>
                  </div>
                </div>
              </div>
              <div class="v-dialog__container">
                <!---->
              </div>
              <h4>Integrations</h4>
              <div class="mb-4 v-card v-sheet v-sheet--outlined theme--light">
                <div class="v-card__text">
                  <div class="v-data-table theme--light">
                    <div class="v-data-table__wrapper">
                      <table>
                        <colgroup>
                          <col class="">
                          <col class="">
                          <col class="">
                        </colgroup>
                        <tbody>
                          <tr class="">
                            <td class="text-start">Alchemy</td>
                            <td class="text-start">
                              Disabled
                            </td>
                            <td class="text-right"><button type="button" class="v-btn v-btn--is-elevated v-btn--has-bg theme--light v-size--default primary"><span class="v-btn__content">Manage</span></button></td>
                          </tr>
                        </tbody>
                      </table>
                    </div>
                  </div>
                  <h4>Each workspace has separate integration settings.</h4>
                </div>
              </div>
              <div class="v-dialog__container">
                <!---->
              </div>
              <h4>Workspaces</h4>
              <div class="mb-4 v-card v-sheet v-sheet--outlined theme--light">
                <div class="v-card__text">
                  <div class="v-data-table v-data-table--has-top v-data-table--has-bottom theme--light">
                    <header class="py-0 v-sheet theme--light v-toolbar v-toolbar--dense v-toolbar--flat" style="height: 48px;">
                      <div class="v-toolbar__content" style="height: 48px;">
                        <div class="spacer"></div> <button type="button" class="mr-2 v-btn v-btn--has-bg theme--light v-size--default primary"><span class="v-btn__content"><i aria-hidden="true" class="v-icon notranslate mdi mdi-plus theme--light"></i>New Workspace</span></button>
                      </div>
                    </header>
                    <div class="v-data-table__wrapper">
                      <table>
                        <colgroup>
                          <col class="">
                          <col class="">
                          <col class="">
                        </colgroup>
                        <thead class="v-data-table-header">
                          <tr>
                            <th role="columnheader" scope="col" aria-label="Name: Not sorted. Activate to sort ascending." aria-sort="none" class="text-start sortable"><span>Name</span><i aria-hidden="true" class="v-icon notranslate v-data-table-header__icon mdi mdi-arrow-up theme--light" style="font-size: 18px;"></i></th>
                            <th role="columnheader" scope="col" aria-label="RPC Server: Not sorted. Activate to sort ascending." aria-sort="none" class="text-start sortable"><span>RPC Server</span><i aria-hidden="true" class="v-icon notranslate v-data-table-header__icon mdi mdi-arrow-up theme--light" style="font-size: 18px;"></i></th>
                            <th role="columnheader" scope="col" aria-label="Not sorted. Activate to sort ascending." aria-sort="none" class="text-start sortable"><span></span><i aria-hidden="true" class="v-icon notranslate v-data-table-header__icon mdi mdi-arrow-up theme--light" style="font-size: 18px;"></i></th>
                          </tr>
                        </thead>
                        <tbody>
                          <tr class="">
                            <td class="text-start">Hardhat</td>
                            <td class="text-start">http://localhost:1234</td>
                            <td class="text-start"><button type="button" id="switchTo-Hardhat" class="v-icon notranslate v-icon--link mdi mdi-swap-horizontal theme--light"></button></td>
                          </tr>
                        </tbody>
                      </table>
                    </div>
                    <div class="v-data-footer">
                      <div class="v-data-footer__select">Rows per page:<div class="v-input v-input--hide-details v-input--is-label-active v-input--is-dirty theme--light v-text-field v-select">
                          <div class="v-input__control">
                            <div role="button" aria-haspopup="listbox" aria-expanded="false" aria-owns="list-60" class="v-input__slot">
                              <div class="v-select__slot">
                                <div class="v-select__selections">
                                  <div class="v-select__selection v-select__selection--comma">10</div><input aria-label="Rows per page:" id="input-60" readonly="readonly" type="text" aria-readonly="false" autocomplete="off">
                                </div>
                                <div class="v-input__append-inner">
                                  <div class="v-input__icon v-input__icon--append"><i aria-hidden="true" class="v-icon notranslate mdi mdi-menu-down theme--light"></i></div>
                                </div><input type="hidden" value="10">
                              </div>
                              <div class="v-menu">
                                <!---->
                              </div>
                            </div>
                          </div>
                        </div>
                      </div>
                      <div class="v-data-footer__pagination">1-1 of 1</div>
                      <div class="v-data-footer__icons-before"><button type="button" disabled="disabled" class="v-btn v-btn--disabled v-btn--icon v-btn--round v-btn--text theme--light v-size--default" aria-label="Previous page"><span class="v-btn__content"><i aria-hidden="true" class="v-icon notranslate mdi mdi-chevron-left theme--light"></i></span></button></div>
                      <div class="v-data-footer__icons-after"><button type="button" disabled="disabled" class="v-btn v-btn--disabled v-btn--icon v-btn--round v-btn--text theme--light v-size--default" aria-label="Next page"><span class="v-btn__content"><i aria-hidden="true" class="v-icon notranslate mdi mdi-chevron-right theme--light"></i></span></button></div>
                    </div>
                  </div>
                </div>
              </div>
              <h4>Advanced Options</h4>
              <div class="mb-4 v-card v-sheet v-sheet--outlined theme--light">
                <div class="v-card__text">
                  <div class="row">
                    <div class="col align-self-center">
                      Transactions Tracing <a target="_blank" href="https://doc.tryethernal.com/dashboard-pages/transactions#trace" style="text-decoration: none;"><i aria-hidden="true" class="v-icon notranslate mdi mdi-help-circle-outline theme--light" style="font-size: 16px;"></i></a></div>
                    <div class="col">
                      <div class="v-input v-input--hide-details v-input--dense theme--light v-text-field v-text-field--enclosed v-text-field--outlined v-select">
                        <div class="v-input__control">
                          <div role="button" aria-haspopup="listbox" aria-expanded="false" aria-owns="list-69" class="v-input__slot">
                            <fieldset aria-hidden="true">
                              <legend style="width: 0px;"><span class="notranslate">​</span></legend>
                            </fieldset>
                            <div class="v-select__slot"><label for="input-69" class="v-label theme--light" style="left: 0px; position: absolute;">Status</label>
                              <div class="v-select__selections"><input id="input-69" readonly="readonly" type="text" aria-readonly="false" autocomplete="off"></div>
                              <div class="v-input__append-inner">
                                <div class="v-input__icon v-input__icon--append"><i aria-hidden="true" class="v-icon notranslate mdi mdi-menu-down theme--light"></i></div>
                              </div><input type="hidden">
                            </div>
                            <div class="v-menu">
                              <!---->
                            </div>
                          </div>
                        </div>
                      </div>
                    </div>
                  </div>
                  <div class="row mt-2 pb-1 mr-1">
                    <div class="spacer"></div> <button type="button" class="mt-2 v-btn v-btn--has-bg theme--light v-size--default primary"><span class="v-btn__content">Update</span></button>
                  </div>
                </div>
              </div>
              <h4 class="error--text">Danger Zone</h4>
              <div class="pa-0 error v-sheet v-sheet--outlined theme--light rounded">
                <div class="elevation-0 v-card v-sheet theme--light">
                  <div class="v-card__text font-weight-medium error--text">
                    <div class="row">
                      Resetting this workspace will remove all accounts/transactions/blocks/contracts from your dashboard.
                      You will need to resync them.
                      This cannot be undone.
                    </div>
                    <div class="row mt-2 pb-1">
                      <div class="spacer"></div> <button type="button" class="mt-2 v-btn v-btn--has-bg theme--light v-size--default error" id="resetWorkspace"><span class="v-btn__content"><i aria-hidden="true" class="v-icon notranslate mdi mdi-sync theme--light"></i>Reset Workspace</span></button>
                    </div>
                  </div>
                </div>
              </div>
            </div>
          </div>
        </div>
      </transition-stub>
      <transition-stub name="">
        <!---->
      </transition-stub>
      <transition-stub name="">
        <!---->
      </transition-stub>
    </div>
  </div>
</div>
`;
